------------------------------------------------------------
TimeQuest Timing Analyzer Summary
------------------------------------------------------------

Type  : Slow 1200mV 85C Model Setup 'clk'
Slack : -1.207
TNS   : -4.937

Type  : Slow 1200mV 85C Model Hold 'clk'
Slack : 0.384
TNS   : 0.000

Type  : Slow 1200mV 85C Model Recovery 'clk'
Slack : -0.960
TNS   : -3.426

Type  : Slow 1200mV 85C Model Removal 'clk'
Slack : 0.889
TNS   : 0.000

Type  : Slow 1200mV 85C Model Minimum Pulse Width 'clk'
Slack : -3.000
TNS   : -17.135

Type  : Slow 1200mV 0C Model Setup 'clk'
Slack : -0.995
TNS   : -3.652

Type  : Slow 1200mV 0C Model Hold 'clk'
Slack : 0.338
TNS   : 0.000

Type  : Slow 1200mV 0C Model Recovery 'clk'
Slack : -0.771
TNS   : -2.703

Type  : Slow 1200mV 0C Model Removal 'clk'
Slack : 0.803
TNS   : 0.000

Type  : Slow 1200mV 0C Model Minimum Pulse Width 'clk'
Slack : -3.000
TNS   : -17.135

Type  : Fast 1200mV 0C Model Setup 'clk'
Slack : -0.075
TNS   : -0.075

Type  : Fast 1200mV 0C Model Hold 'clk'
Slack : 0.174
TNS   : 0.000

Type  : Fast 1200mV 0C Model Recovery 'clk'
Slack : 0.041
TNS   : 0.000

Type  : Fast 1200mV 0C Model Removal 'clk'
Slack : 0.427
TNS   : 0.000

Type  : Fast 1200mV 0C Model Minimum Pulse Width 'clk'
Slack : -3.000
TNS   : -14.705

------------------------------------------------------------
